[2026-08-26T07:29:23.649Z] {"timestamp":1787729361524,"level":"DEBUG","args":["[Manus] Debug collector initialized (no rrweb, UI events only)"],"stack":null}
[2026-08-26T07:29:23.649Z] {"timestamp":1787729361535,"level":"DEBUG","args":["[vite] connected."],"stack":null}
[2026-08-26T07:29:23.649Z] {"timestamp":1787729361892,"level":"INFO","args":["%cDownload the React DevTools for a better development experience: https://react.dev/link/react-devtools","font-weight:bold"],"stack":null}
[2026-08-26T07:29:25.530Z] {"timestamp":1787729364383,"level":"ERROR","args":[{"type":"UncaughtError","message":"ResizeObserver loop completed with undelivered notifications.","filename":"http://localhost:3001/","lineno":0,"colno":0,"stack":null}],"stack":null}
[2026-08-26T07:39:59.341Z] {"timestamp":1787729997305,"level":"DEBUG","args":["[Manus] Debug collector initialized (no rrweb, UI events only)"],"stack":null}
[2026-08-26T07:39:59.341Z] {"timestamp":1787729997314,"level":"DEBUG","args":["[vite] connected."],"stack":null}
[2026-08-26T07:39:59.341Z] {"timestamp":1787729997457,"level":"INFO","args":["%cDownload the React DevTools for a better development experience: https://react.dev/link/react-devtools","font-weight:bold"],"stack":null}
[2026-08-26T07:40:18.099Z] {"timestamp":1787730016092,"level":"DEBUG","args":["[Manus] Debug collector initialized (no rrweb, UI events only)"],"stack":null}
[2026-08-26T07:40:18.099Z] {"timestamp":1787730016105,"level":"DEBUG","args":["[vite] connected."],"stack":null}
[2026-08-26T07:40:18.099Z] {"timestamp":1787730016217,"level":"INFO","args":["%cDownload the React DevTools for a better development experience: https://react.dev/link/react-devtools","font-weight:bold"],"stack":null}
[2026-08-26T07:42:14.189Z] {"timestamp":1787730133837,"level":"DEBUG","args":["[vite]","hot updated: /src/index.css"],"stack":null}
[2026-08-26T07:42:14.189Z] {"timestamp":1787730133838,"level":"DEBUG","args":["[vite]","hot updated: /src/components/ModelViewer.tsx"],"stack":null}
[2026-08-26T07:42:48.717Z] {"timestamp":1787730166477,"level":"DEBUG","args":["[Manus] Debug collector initialized (no rrweb, UI events only)"],"stack":null}
[2026-08-26T07:42:48.717Z] {"timestamp":1787730166532,"level":"DEBUG","args":["[vite] connected."],"stack":null}
[2026-08-26T07:42:48.717Z] {"timestamp":1787730166890,"level":"INFO","args":["%cDownload the React DevTools for a better development experience: https://react.dev/link/react-devtools","font-weight:bold"],"stack":null}
[2026-08-26T07:42:48.717Z] {"timestamp":1787730168388,"level":"ERROR","args":[{"type":"UncaughtError","message":"ResizeObserver loop completed with undelivered notifications.","filename":"http://localhost:3001/","lineno":0,"colno":0,"stack":null}],"stack":null}
[2026-08-26T08:06:22.078Z] {"timestamp":1787731556716,"level":"DEBUG","args":["[vite]","invalidate /src/contexts/StoreContext.tsx: Could not Fast Refresh (\"useStore\" export is incompatible). Learn more at https://github.com/vitejs/vite-plugin-react/tree/main/packages/plugin-react#consistent-components-exports"],"stack":null}
[2026-08-26T08:06:22.078Z] {"timestamp":1787731556717,"level":"DEBUG","args":["[vite]","hot updated: /src/contexts/StoreContext.tsx"],"stack":null}
[2026-08-26T08:06:22.078Z] {"timestamp":1787731556717,"level":"DEBUG","args":["[vite]","hot updated: /src/index.css"],"stack":null}
[2026-08-26T08:06:22.078Z] {"timestamp":1787731557167,"level":"DEBUG","args":["[vite]","hot updated: /src/App.tsx"],"stack":null}
[2026-08-26T08:06:22.078Z] {"timestamp":1787731557167,"level":"DEBUG","args":["[vite]","hot updated: /src/pages/Home.tsx"],"stack":null}
[2026-08-26T08:06:22.078Z] {"timestamp":1787731557167,"level":"DEBUG","args":["[vite]","hot updated: /src/pages/Shop.tsx"],"stack":null}
[2026-08-26T08:06:22.078Z] {"timestamp":1787731557167,"level":"DEBUG","args":["[vite]","hot updated: /src/pages/Product.tsx"],"stack":null}
[2026-08-26T08:06:22.078Z] {"timestamp":1787731557167,"level":"DEBUG","args":["[vite]","hot updated: /src/components/ProductCard.tsx"],"stack":null}
[2026-08-26T08:06:22.078Z] {"timestamp":1787731557168,"level":"DEBUG","args":["[vite]","hot updated: /src/components/StoreChrome.tsx"],"stack":null}
[2026-08-26T08:06:22.078Z] {"timestamp":1787731558104,"level":"ERROR","args":["%o\n\n%s\n\n%s\n",{"type":"Error","message":"useAuth must be used inside AuthProvider","stack":"Error: useAuth must be used inside AuthProvider\n    at useAuth (http://localhost:3001/src/contexts/AuthContext.tsx:62:23)\n    at StoreProvider (http://localhost:3001/src/contexts/StoreContext.tsx?t=1787731556332:55:31)\n    at Object.react_stack_bottom_frame (http://localhost:3001/@fs/home/prasanth/CYBERBOTS_STUP/LYWARO_ECOMMERCE/node_modules/.vite/deps/react-dom_client.js?v=5d7213ba:18509:20)\n    at renderWithHooks (http://localhost:3001/@fs/home/prasanth/CYBERBOTS_STUP/LYWARO_ECOMMERCE/node_modules/.vite/deps/react-dom_client.js?v=5d7213ba:5654:24)\n    at updateFunctionComponent (http://localhost:3001/@fs/home/prasanth/CYBERBOTS_STUP/LYWARO_ECOMMERCE/node_modules/.vite/deps/react-dom_client.js?v=5d7213ba:7475:21)\n    at beginWork (http://localhost:3001/@fs/home/prasanth/CYBERBOTS_STUP/LYWARO_ECOMMERCE/node_modules/.vite/deps/react-dom_client.js?v=5d7213ba:8525:20)\n    at runWithFiberInDEV (http://localhost:3001/@fs/home/prasanth/CYBERBOTS_STUP/LYWARO_ECOMMERCE/node_modules/.vite/deps/react-dom_client.js?v=5d7213ba:997:72)\n    at performUnitOfWork (http://localhost:3001/@fs/home/prasanth/CYBERBOTS_STUP/LYWARO_ECOMMERCE/node_modules/.vite/deps/react-dom_client.js?v=5d7213ba:12561:98)\n    at workLoopSync (http://localhost:3001/@fs/home/prasanth/CYBERBOTS_STUP/LYWARO_ECOMMERCE/node_modules/.vite/deps/react-dom_client.js?v=5d7213ba:12424:43)\n    at renderRootSync (http://localhost:3001/@fs/home/prasanth/CYBERBOTS_STUP/LYWARO_ECOMMERCE/node_modules/.vite/deps/react-dom_client.js?v=5d7213ba:12408:13)"},"The above error occurred in the <StoreProvider> component.","React will try to recreate this component tree from scratch using the error boundary you provided, ErrorBoundary."],"stack":"Error\n    at console.<computed> [as error] (http://localhost:3001/__manus__/debug-collector.js:391:37)\n    at defaultOnCaughtError (http://localhost:3001/@fs/home/prasanth/CYBERBOTS_STUP/LYWARO_ECOMMERCE/node_modules/.vite/deps/react-dom_client.js?v=5d7213ba:7001:19)\n    at logCaughtError (http://localhost:3001/@fs/home/prasanth/CYBERBOTS_STUP/LYWARO_ECOMMERCE/node_modules/.vite/deps/react-dom_client.js?v=5d7213ba:7033:11)\n    at runWithFiberInDEV (http://localhost:3001/@fs/home/prasanth/CYBERBOTS_STUP/LYWARO_ECOMMERCE/node_modules/.vite/deps/react-dom_client.js?v=5d7213ba:997:72)\n    at update.callback (http://localhost:3001/@fs/home/prasanth/CYBERBOTS_STUP/LYWARO_ECOMMERCE/node_modules/.vite/deps/react-dom_client.js?v=5d7213ba:7066:13)\n    at callCallback (http://localhost:3001/@fs/home/prasanth/CYBERBOTS_STUP/LYWARO_ECOMMERCE/node_modules/.vite/deps/react-dom_client.js?v=5d7213ba:5491:18)\n    at commitCallbacks (http://localhost:3001/@fs/home/prasanth/CYBERBOTS_STUP/LYWARO_ECOMMERCE/node_modules/.vite/deps/react-dom_client.js?v=5d7213ba:5503:13)\n    at runWithFiberInDEV (http://localhost:3001/@fs/home/prasanth/CYBERBOTS_STUP/LYWARO_ECOMMERCE/node_modules/.vite/deps/react-dom_client.js?v=5d7213ba:997:72)\n    at commitClassCallbacks (http://localhost:3001/@fs/home/prasanth/CYBERBOTS_STUP/LYWARO_ECOMMERCE/node_modules/.vite/deps/react-dom_client.js?v=5d7213ba:9490:13)\n    at commitLayoutEffectOnFiber (http://localhost:3001/@fs/home/prasanth/CYBERBOTS_STUP/LYWARO_ECOMMERCE/node_modules/.vite/deps/react-dom_client.js?v=5d7213ba:9958:27)"}
[2026-08-26T08:06:22.078Z] {"timestamp":1787731569282,"level":"ERROR","args":["[vite]","Failed to reload /src/App.tsx. This could be due to syntax errors or importing non-existent modules. (see errors above)"],"stack":"Error\n    at console.<computed> [as error] (http://localhost:3001/__manus__/debug-collector.js:391:37)\n    at Object.error (http://localhost:3001/@vite/client:809:26)\n    at HMRClient.warnFailedUpdate (http://localhost:3001/@vite/client:181:15)\n    at HMRClient.fetchUpdate (http://localhost:3001/@vite/client:212:10)\n    at async Promise.all (index 0)\n    at async HMRClient.queueUpdate (http://localhost:3001/@vite/client:196:5)\n    at async Promise.all (index 0)\n    at async handleMessage (http://localhost:3001/@vite/client:838:4)"}
[2026-08-26T08:06:22.078Z] {"timestamp":1787731569283,"level":"DEBUG","args":["[vite]","hot updated: /src/App.tsx"],"stack":null}
[2026-08-26T08:06:22.078Z] {"timestamp":1787731569283,"level":"DEBUG","args":["[vite]","hot updated: /src/index.css"],"stack":null}
[2026-08-26T08:06:25.170Z] {"timestamp":1787731582618,"level":"DEBUG","args":["[Manus] Debug collector initialized (no rrweb, UI events only)"],"stack":null}
[2026-08-26T08:06:25.170Z] {"timestamp":1787731582645,"level":"DEBUG","args":["[vite] connected."],"stack":null}
[2026-08-26T08:06:41.057Z] {"timestamp":1787731598524,"level":"DEBUG","args":["[Manus] Debug collector initialized (no rrweb, UI events only)"],"stack":null}
[2026-08-26T08:06:41.057Z] {"timestamp":1787731598528,"level":"DEBUG","args":["[vite] connected."],"stack":null}
[2026-08-26T08:07:06.054Z] {"timestamp":1787731623345,"level":"DEBUG","args":["[Manus] Debug collector initialized (no rrweb, UI events only)"],"stack":null}
[2026-08-26T08:07:06.054Z] {"timestamp":1787731623358,"level":"DEBUG","args":["[vite] connected."],"stack":null}
[2026-08-26T08:07:22.060Z] {"timestamp":1787731639591,"level":"DEBUG","args":["[Manus] Debug collector initialized (no rrweb, UI events only)"],"stack":null}
[2026-08-26T08:07:22.060Z] {"timestamp":1787731639606,"level":"DEBUG","args":["[vite] connected."],"stack":null}
[2026-08-26T08:07:41.057Z] {"timestamp":1787731658392,"level":"DEBUG","args":["[Manus] Debug collector initialized (no rrweb, UI events only)"],"stack":null}
[2026-08-26T08:07:41.057Z] {"timestamp":1787731658400,"level":"DEBUG","args":["[vite] connected."],"stack":null}
[2026-08-26T08:08:14.057Z] {"timestamp":1787731691455,"level":"DEBUG","args":["[Manus] Debug collector initialized (no rrweb, UI events only)"],"stack":null}
[2026-08-26T08:08:14.057Z] {"timestamp":1787731691463,"level":"DEBUG","args":["[vite] connected."],"stack":null}
[2026-08-26T08:08:26.109Z] {"timestamp":1787731703325,"level":"DEBUG","args":["[Manus] Debug collector initialized (no rrweb, UI events only)"],"stack":null}
[2026-08-26T08:08:26.109Z] {"timestamp":1787731703334,"level":"DEBUG","args":["[vite] connected."],"stack":null}
[2026-08-26T08:08:50.053Z] {"timestamp":1787731727364,"level":"DEBUG","args":["[Manus] Debug collector initialized (no rrweb, UI events only)"],"stack":null}
[2026-08-26T08:08:50.054Z] {"timestamp":1787731727372,"level":"DEBUG","args":["[vite] connected."],"stack":null}
[2026-08-26T08:09:22.069Z] {"timestamp":1787731759573,"level":"DEBUG","args":["[Manus] Debug collector initialized (no rrweb, UI events only)"],"stack":null}
[2026-08-26T08:09:22.069Z] {"timestamp":1787731759598,"level":"DEBUG","args":["[vite] connected."],"stack":null}
[2026-08-26T08:09:47.053Z] {"timestamp":1787731784378,"level":"DEBUG","args":["[Manus] Debug collector initialized (no rrweb, UI events only)"],"stack":null}
[2026-08-26T08:09:47.053Z] {"timestamp":1787731784390,"level":"DEBUG","args":["[vite] connected."],"stack":null}
[2026-08-26T08:10:10.595Z] {"timestamp":1787731806477,"level":"DEBUG","args":["[Manus] Debug collector initialized (no rrweb, UI events only)"],"stack":null}
[2026-08-26T08:10:10.595Z] {"timestamp":1787731806489,"level":"DEBUG","args":["[vite] connected."],"stack":null}
[2026-08-26T08:10:10.595Z] {"timestamp":1787731806779,"level":"INFO","args":["%cDownload the React DevTools for a better development experience: https://react.dev/link/react-devtools","font-weight:bold"],"stack":null}
[2026-08-26T08:10:39.053Z] {"timestamp":1787731837997,"level":"DEBUG","args":["[vite]","hot updated: /src/index.css"],"stack":null}
[2026-08-26T08:10:39.053Z] {"timestamp":1787731837997,"level":"DEBUG","args":["[vite]","hot updated: /src/components/StoreChrome.tsx"],"stack":null}
[2026-08-26T08:10:57.053Z] {"timestamp":1787731856951,"level":"DEBUG","args":["[vite]","hot updated: /src/index.css"],"stack":null}
[2026-08-26T08:10:57.053Z] {"timestamp":1787731856951,"level":"DEBUG","args":["[vite]","hot updated: /src/components/ProductCard.tsx"],"stack":null}
[2026-08-26T08:12:26.083Z] {"timestamp":1787731890356,"level":"ERROR","args":["[vite]","Failed to reload /src/pages/Product.tsx. This could be due to syntax errors or importing non-existent modules. (see errors above)"],"stack":"Error\n    at console.<computed> [as error] (http://localhost:3001/__manus__/debug-collector.js:391:37)\n    at Object.error (http://localhost:3001/@vite/client:809:26)\n    at HMRClient.warnFailedUpdate (http://localhost:3001/@vite/client:181:15)\n    at HMRClient.fetchUpdate (http://localhost:3001/@vite/client:212:10)\n    at async Promise.all (index 0)\n    at async HMRClient.queueUpdate (http://localhost:3001/@vite/client:196:5)\n    at async Promise.all (index 0)\n    at async handleMessage (http://localhost:3001/@vite/client:838:4)"}
[2026-08-26T08:12:26.083Z] {"timestamp":1787731890444,"level":"DEBUG","args":["[vite]","hot updated: /src/pages/Product.tsx"],"stack":null}
[2026-08-26T08:12:26.083Z] {"timestamp":1787731890444,"level":"DEBUG","args":["[vite]","hot updated: /src/index.css"],"stack":null}
[2026-08-26T08:12:26.083Z] {"timestamp":1787731934769,"level":"LOG","args":["[vite] server connection lost. Polling for restart..."],"stack":null}
[2026-08-26T08:22:10.242Z] {"timestamp":1787732530208,"level":"ERROR","args":[{"type":"UncaughtError","message":"ResizeObserver loop completed with undelivered notifications.","filename":"http://localhost:3001/","lineno":0,"colno":0,"stack":null}],"stack":null}
[2026-08-26T08:22:15.542Z] {"timestamp":1787732531187,"level":"DEBUG","args":["[Manus] Debug collector initialized (no rrweb, UI events only)"],"stack":null}
[2026-08-26T08:22:15.542Z] {"timestamp":1787732531228,"level":"DEBUG","args":["[vite] connected."],"stack":null}
[2026-08-26T08:22:15.542Z] {"timestamp":1787732531409,"level":"INFO","args":["%cDownload the React DevTools for a better development experience: https://react.dev/link/react-devtools","font-weight:bold"],"stack":null}
[2026-08-26T08:22:19.851Z] {"timestamp":1787732537604,"level":"DEBUG","args":["[Manus] Debug collector initialized (no rrweb, UI events only)"],"stack":null}
[2026-08-26T08:22:19.851Z] {"timestamp":1787732537775,"level":"DEBUG","args":["[vite] connected."],"stack":null}
[2026-08-26T08:22:19.851Z] {"timestamp":1787732539069,"level":"INFO","args":["%cDownload the React DevTools for a better development experience: https://react.dev/link/react-devtools","font-weight:bold"],"stack":null}
[2026-08-26T08:22:19.851Z] {"timestamp":1787732539470,"level":"ERROR","args":[{"type":"UncaughtError","message":"ResizeObserver loop completed with undelivered notifications.","filename":"http://localhost:3002/","lineno":0,"colno":0,"stack":null}],"stack":null}
[2026-08-26T08:32:23.036Z] {"timestamp":1787733141031,"level":"DEBUG","args":["[Manus] Debug collector initialized (no rrweb, UI events only)"],"stack":null}
[2026-08-26T08:32:23.036Z] {"timestamp":1787733141037,"level":"DEBUG","args":["[vite] connected."],"stack":null}
[2026-08-26T08:32:23.036Z] {"timestamp":1787733141267,"level":"INFO","args":["%cDownload the React DevTools for a better development experience: https://react.dev/link/react-devtools","font-weight:bold"],"stack":null}
[2026-08-26T08:40:27.918Z] {"timestamp":1787733627825,"level":"LOG","args":["[vite] server connection lost. Polling for restart..."],"stack":null}
[2026-08-26T08:40:32.265Z] {"timestamp":1787733629835,"level":"DEBUG","args":["[Manus] Debug collector initialized (no rrweb, UI events only)"],"stack":null}
[2026-08-26T08:40:32.265Z] {"timestamp":1787733629964,"level":"DEBUG","args":["[vite] connected."],"stack":null}
[2026-08-26T08:40:32.265Z] {"timestamp":1787733630215,"level":"INFO","args":["%cDownload the React DevTools for a better development experience: https://react.dev/link/react-devtools","font-weight:bold"],"stack":null}
[2026-08-26T08:49:47.149Z] {"timestamp":1787734185092,"level":"DEBUG","args":["[Manus] Debug collector initialized (no rrweb, UI events only)"],"stack":null}
[2026-08-26T08:49:47.149Z] {"timestamp":1787734185098,"level":"DEBUG","args":["[vite] connected."],"stack":null}
[2026-08-26T08:49:47.149Z] {"timestamp":1787734185259,"level":"INFO","args":["%cDownload the React DevTools for a better development experience: https://react.dev/link/react-devtools","font-weight:bold"],"stack":null}
[2026-08-26T08:52:48.509Z] {"timestamp":1787734368413,"level":"LOG","args":["[vite] server connection lost. Polling for restart..."],"stack":null}
[2026-08-26T08:52:52.139Z] {"timestamp":1787734369995,"level":"DEBUG","args":["[Manus] Debug collector initialized (no rrweb, UI events only)"],"stack":null}
[2026-08-26T08:52:52.139Z] {"timestamp":1787734370079,"level":"DEBUG","args":["[vite] connected."],"stack":null}
[2026-08-26T08:52:52.139Z] {"timestamp":1787734370309,"level":"INFO","args":["%cDownload the React DevTools for a better development experience: https://react.dev/link/react-devtools","font-weight:bold"],"stack":null}
[2026-08-26T08:53:06.085Z] {"timestamp":1787734384844,"level":"DEBUG","args":["[vite]","hot updated: /src/index.css"],"stack":null}
[2026-08-26T08:53:06.085Z] {"timestamp":1787734384844,"level":"DEBUG","args":["[vite]","hot updated: /src/pages/AdminUsers.tsx"],"stack":null}
[2026-08-26T08:53:06.085Z] {"timestamp":1787734384844,"level":"DEBUG","args":["[vite]","hot updated: /src/pages/AdminDashboard.tsx"],"stack":null}
[2026-08-26T08:53:06.085Z] {"timestamp":1787734384844,"level":"DEBUG","args":["[vite]","invalidate /src/contexts/AuthContext.tsx: Could not Fast Refresh (\"useAuth\" export is incompatible). Learn more at https://github.com/vitejs/vite-plugin-react/tree/main/packages/plugin-react#consistent-components-exports"],"stack":null}
[2026-08-26T08:53:06.085Z] {"timestamp":1787734384844,"level":"DEBUG","args":["[vite]","hot updated: /src/contexts/AuthContext.tsx"],"stack":null}
[2026-08-26T08:53:06.085Z] {"timestamp":1787734384845,"level":"DEBUG","args":["[vite]","hot updated: /src/pages/Profile.tsx"],"stack":null}
[2026-08-26T08:53:06.085Z] {"timestamp":1787734384845,"level":"DEBUG","args":["[vite]","invalidate /src/contexts/StoreContext.tsx: Could not Fast Refresh (\"useStore\" export is incompatible). Learn more at https://github.com/vitejs/vite-plugin-react/tree/main/packages/plugin-react#consistent-components-exports"],"stack":null}
[2026-08-26T08:53:06.085Z] {"timestamp":1787734384845,"level":"DEBUG","args":["[vite]","hot updated: /src/contexts/StoreContext.tsx"],"stack":null}
[2026-08-26T08:53:06.085Z] {"timestamp":1787734384845,"level":"DEBUG","args":["[vite]","hot updated: /src/pages/AdminProducts.tsx"],"stack":null}
[2026-08-26T08:53:06.085Z] {"timestamp":1787734384845,"level":"DEBUG","args":["[vite]","hot updated: /src/pages/Product.tsx"],"stack":null}
[2026-08-26T08:53:06.085Z] {"timestamp":1787734384845,"level":"DEBUG","args":["[vite]","hot updated: /src/pages/OrderConfirmation.tsx"],"stack":null}
[2026-08-26T08:53:06.085Z] {"timestamp":1787734384845,"level":"DEBUG","args":["[vite]","hot updated: /src/pages/Orders.tsx"],"stack":null}
[2026-08-26T08:53:06.085Z] {"timestamp":1787734384845,"level":"DEBUG","args":["[vite]","hot updated: /src/pages/AdminOrders.tsx"],"stack":null}
[2026-08-26T08:53:06.085Z] {"timestamp":1787734384845,"level":"DEBUG","args":["[vite]","hot updated: /src/pages/Checkout.tsx"],"stack":null}
[2026-08-26T08:53:06.085Z] {"timestamp":1787734385319,"level":"DEBUG","args":["[vite]","hot updated: /src/App.tsx"],"stack":null}
[2026-08-26T08:53:06.085Z] {"timestamp":1787734385319,"level":"DEBUG","args":["[vite]","hot updated: /src/contexts/StoreContext.tsx"],"stack":null}
[2026-08-26T08:53:06.085Z] {"timestamp":1787734385319,"level":"DEBUG","args":["[vite]","hot updated: /src/pages/Wishlist.tsx"],"stack":null}
[2026-08-26T08:53:06.085Z] {"timestamp":1787734385319,"level":"DEBUG","args":["[vite]","hot updated: /src/pages/Login.tsx"],"stack":null}
[2026-08-26T08:53:06.085Z] {"timestamp":1787734385319,"level":"DEBUG","args":["[vite]","hot updated: /src/pages/AdminUsers.tsx"],"stack":null}
[2026-08-26T08:53:06.085Z] {"timestamp":1787734385319,"level":"DEBUG","args":["[vite]","hot updated: /src/pages/Profile.tsx"],"stack":null}
[2026-08-26T08:53:06.085Z] {"timestamp":1787734385319,"level":"DEBUG","args":["[vite]","hot updated: /src/pages/Orders.tsx"],"stack":null}
[2026-08-26T08:53:06.085Z] {"timestamp":1787734385320,"level":"DEBUG","args":["[vite]","hot updated: /src/pages/AdminOrders.tsx"],"stack":null}
[2026-08-26T08:53:06.085Z] {"timestamp":1787734385320,"level":"DEBUG","args":["[vite]","hot updated: /src/pages/Register.tsx"],"stack":null}
[2026-08-26T08:53:06.085Z] {"timestamp":1787734385320,"level":"DEBUG","args":["[vite]","hot updated: /src/pages/AdminDashboard.tsx"],"stack":null}
[2026-08-26T08:53:06.085Z] {"timestamp":1787734385320,"level":"DEBUG","args":["[vite]","hot updated: /src/pages/Checkout.tsx"],"stack":null}
[2026-08-26T08:53:06.085Z] {"timestamp":1787734385320,"level":"DEBUG","args":["[vite]","hot updated: /src/pages/AdminProducts.tsx"],"stack":null}
[2026-08-26T08:53:06.085Z] {"timestamp":1787734385320,"level":"DEBUG","args":["[vite]","hot updated: /src/pages/Product.tsx"],"stack":null}
[2026-08-26T08:53:06.085Z] {"timestamp":1787734385320,"level":"DEBUG","args":["[vite]","hot updated: /src/components/StoreChrome.tsx"],"stack":null}
[2026-08-26T08:53:06.085Z] {"timestamp":1787734385323,"level":"DEBUG","args":["[vite]","hot updated: /src/App.tsx"],"stack":null}
[2026-08-26T08:53:06.085Z] {"timestamp":1787734385324,"level":"DEBUG","args":["[vite]","hot updated: /src/pages/Wishlist.tsx"],"stack":null}
[2026-08-26T08:53:06.085Z] {"timestamp":1787734385324,"level":"DEBUG","args":["[vite]","hot updated: /src/pages/Shop.tsx"],"stack":null}
[2026-08-26T08:53:06.085Z] {"timestamp":1787734385324,"level":"DEBUG","args":["[vite]","hot updated: /src/pages/Checkout.tsx"],"stack":null}
[2026-08-26T08:53:06.085Z] {"timestamp":1787734385324,"level":"DEBUG","args":["[vite]","hot updated: /src/pages/Product.tsx"],"stack":null}
[2026-08-26T08:53:06.085Z] {"timestamp":1787734385324,"level":"DEBUG","args":["[vite]","hot updated: /src/pages/Home.tsx"],"stack":null}
[2026-08-26T08:53:06.085Z] {"timestamp":1787734385324,"level":"DEBUG","args":["[vite]","hot updated: /src/components/StoreChrome.tsx"],"stack":null}
[2026-08-26T08:53:06.085Z] {"timestamp":1787734385324,"level":"DEBUG","args":["[vite]","hot updated: /src/components/ProductCard.tsx"],"stack":null}
[2026-08-26T08:56:37.232Z] {"timestamp":1787734594726,"level":"DEBUG","args":["[Manus] Debug collector initialized (no rrweb, UI events only)"],"stack":null}
[2026-08-26T08:56:37.232Z] {"timestamp":1787734594829,"level":"DEBUG","args":["[vite] connected."],"stack":null}
[2026-08-26T08:56:37.232Z] {"timestamp":1787734595966,"level":"INFO","args":["%cDownload the React DevTools for a better development experience: https://react.dev/link/react-devtools","font-weight:bold"],"stack":null}
[2026-08-26T08:56:43.258Z] {"timestamp":1787734600211,"level":"ERROR","args":["An empty string (\"\") was passed to the %s attribute. This may cause the browser to download the whole page again over the network. To fix this, either do not render the element at all or pass null to %s instead of an empty string.","src","src"],"stack":"Error\n    at console.<computed> [as error] (http://localhost:3002/__manus__/debug-collector.js:391:37)\n    at setProp (http://localhost:3002/@fs/home/prasanth/CYBERBOTS_STUP/LYWARO_ECOMMERCE/node_modules/.vite/deps/react-dom_client.js?v=151feeec:14205:39)\n    at setInitialProperties (http://localhost:3002/@fs/home/prasanth/CYBERBOTS_STUP/LYWARO_ECOMMERCE/node_modules/.vite/deps/react-dom_client.js?v=151feeec:14590:23)\n    at completeWork (http://localhost:3002/@fs/home/prasanth/CYBERBOTS_STUP/LYWARO_ECOMMERCE/node_modules/.vite/deps/react-dom_client.js?v=151feeec:9077:28)\n    at runWithFiberInDEV (http://localhost:3002/@fs/home/prasanth/CYBERBOTS_STUP/LYWARO_ECOMMERCE/node_modules/.vite/deps/react-dom_client.js?v=151feeec:997:72)\n    at completeUnitOfWork (http://localhost:3002/@fs/home/prasanth/CYBERBOTS_STUP/LYWARO_ECOMMERCE/node_modules/.vite/deps/react-dom_client.js?v=151feeec:12669:22)\n    at performUnitOfWork (http://localhost:3002/@fs/home/prasanth/CYBERBOTS_STUP/LYWARO_ECOMMERCE/node_modules/.vite/deps/react-dom_client.js?v=151feeec:12575:29)\n    at workLoopSync (http://localhost:3002/@fs/home/prasanth/CYBERBOTS_STUP/LYWARO_ECOMMERCE/node_modules/.vite/deps/react-dom_client.js?v=151feeec:12424:43)\n    at renderRootSync (http://localhost:3002/@fs/home/prasanth/CYBERBOTS_STUP/LYWARO_ECOMMERCE/node_modules/.vite/deps/react-dom_client.js?v=151feeec:12408:13)\n    at performWorkOnRoot (http://localhost:3002/@fs/home/prasanth/CYBERBOTS_STUP/LYWARO_ECOMMERCE/node_modules/.vite/deps/react-dom_client.js?v=151feeec:11766:189)"}
[2026-08-26T08:56:43.258Z] {"timestamp":1787734600218,"level":"ERROR","args":["An empty string (\"\") was passed to the %s attribute. This may cause the browser to download the whole page again over the network. To fix this, either do not render the element at all or pass null to %s instead of an empty string.","src","src"],"stack":"Error\n    at console.<computed> [as error] (http://localhost:3002/__manus__/debug-collector.js:391:37)\n    at setProp (http://localhost:3002/@fs/home/prasanth/CYBERBOTS_STUP/LYWARO_ECOMMERCE/node_modules/.vite/deps/react-dom_client.js?v=151feeec:14205:39)\n    at setInitialProperties (http://localhost:3002/@fs/home/prasanth/CYBERBOTS_STUP/LYWARO_ECOMMERCE/node_modules/.vite/deps/react-dom_client.js?v=151feeec:14590:23)\n    at completeWork (http://localhost:3002/@fs/home/prasanth/CYBERBOTS_STUP/LYWARO_ECOMMERCE/node_modules/.vite/deps/react-dom_client.js?v=151feeec:9077:28)\n    at runWithFiberInDEV (http://localhost:3002/@fs/home/prasanth/CYBERBOTS_STUP/LYWARO_ECOMMERCE/node_modules/.vite/deps/react-dom_client.js?v=151feeec:997:72)\n    at completeUnitOfWork (http://localhost:3002/@fs/home/prasanth/CYBERBOTS_STUP/LYWARO_ECOMMERCE/node_modules/.vite/deps/react-dom_client.js?v=151feeec:12669:22)\n    at performUnitOfWork (http://localhost:3002/@fs/home/prasanth/CYBERBOTS_STUP/LYWARO_ECOMMERCE/node_modules/.vite/deps/react-dom_client.js?v=151feeec:12575:29)\n    at workLoopSync (http://localhost:3002/@fs/home/prasanth/CYBERBOTS_STUP/LYWARO_ECOMMERCE/node_modules/.vite/deps/react-dom_client.js?v=151feeec:12424:43)\n    at renderRootSync (http://localhost:3002/@fs/home/prasanth/CYBERBOTS_STUP/LYWARO_ECOMMERCE/node_modules/.vite/deps/react-dom_client.js?v=151feeec:12408:13)\n    at performWorkOnRoot (http://localhost:3002/@fs/home/prasanth/CYBERBOTS_STUP/LYWARO_ECOMMERCE/node_modules/.vite/deps/react-dom_client.js?v=151feeec:11766:189)"}
[2026-08-26T08:57:14.748Z] {"timestamp":1787734634615,"level":"ERROR","args":["An empty string (\"\") was passed to the %s attribute. This may cause the browser to download the whole page again over the network. To fix this, either do not render the element at all or pass null to %s instead of an empty string.","src","src"],"stack":"Error\n    at console.<computed> [as error] (http://localhost:3002/__manus__/debug-collector.js:391:37)\n    at setProp (http://localhost:3002/@fs/home/prasanth/CYBERBOTS_STUP/LYWARO_ECOMMERCE/node_modules/.vite/deps/react-dom_client.js?v=151feeec:14205:39)\n    at setInitialProperties (http://localhost:3002/@fs/home/prasanth/CYBERBOTS_STUP/LYWARO_ECOMMERCE/node_modules/.vite/deps/react-dom_client.js?v=151feeec:14590:23)\n    at completeWork (http://localhost:3002/@fs/home/prasanth/CYBERBOTS_STUP/LYWARO_ECOMMERCE/node_modules/.vite/deps/react-dom_client.js?v=151feeec:9077:28)\n    at runWithFiberInDEV (http://localhost:3002/@fs/home/prasanth/CYBERBOTS_STUP/LYWARO_ECOMMERCE/node_modules/.vite/deps/react-dom_client.js?v=151feeec:997:72)\n    at completeUnitOfWork (http://localhost:3002/@fs/home/prasanth/CYBERBOTS_STUP/LYWARO_ECOMMERCE/node_modules/.vite/deps/react-dom_client.js?v=151feeec:12669:22)\n    at performUnitOfWork (http://localhost:3002/@fs/home/prasanth/CYBERBOTS_STUP/LYWARO_ECOMMERCE/node_modules/.vite/deps/react-dom_client.js?v=151feeec:12575:29)\n    at workLoopSync (http://localhost:3002/@fs/home/prasanth/CYBERBOTS_STUP/LYWARO_ECOMMERCE/node_modules/.vite/deps/react-dom_client.js?v=151feeec:12424:43)\n    at renderRootSync (http://localhost:3002/@fs/home/prasanth/CYBERBOTS_STUP/LYWARO_ECOMMERCE/node_modules/.vite/deps/react-dom_client.js?v=151feeec:12408:13)\n    at performWorkOnRoot (http://localhost:3002/@fs/home/prasanth/CYBERBOTS_STUP/LYWARO_ECOMMERCE/node_modules/.vite/deps/react-dom_client.js?v=151feeec:11766:189)"}
[2026-08-26T08:57:14.748Z] {"timestamp":1787734634620,"level":"ERROR","args":["An empty string (\"\") was passed to the %s attribute. This may cause the browser to download the whole page again over the network. To fix this, either do not render the element at all or pass null to %s instead of an empty string.","src","src"],"stack":"Error\n    at console.<computed> [as error] (http://localhost:3002/__manus__/debug-collector.js:391:37)\n    at setProp (http://localhost:3002/@fs/home/prasanth/CYBERBOTS_STUP/LYWARO_ECOMMERCE/node_modules/.vite/deps/react-dom_client.js?v=151feeec:14205:39)\n    at setInitialProperties (http://localhost:3002/@fs/home/prasanth/CYBERBOTS_STUP/LYWARO_ECOMMERCE/node_modules/.vite/deps/react-dom_client.js?v=151feeec:14590:23)\n    at completeWork (http://localhost:3002/@fs/home/prasanth/CYBERBOTS_STUP/LYWARO_ECOMMERCE/node_modules/.vite/deps/react-dom_client.js?v=151feeec:9077:28)\n    at runWithFiberInDEV (http://localhost:3002/@fs/home/prasanth/CYBERBOTS_STUP/LYWARO_ECOMMERCE/node_modules/.vite/deps/react-dom_client.js?v=151feeec:997:72)\n    at completeUnitOfWork (http://localhost:3002/@fs/home/prasanth/CYBERBOTS_STUP/LYWARO_ECOMMERCE/node_modules/.vite/deps/react-dom_client.js?v=151feeec:12669:22)\n    at performUnitOfWork (http://localhost:3002/@fs/home/prasanth/CYBERBOTS_STUP/LYWARO_ECOMMERCE/node_modules/.vite/deps/react-dom_client.js?v=151feeec:12575:29)\n    at workLoopSync (http://localhost:3002/@fs/home/prasanth/CYBERBOTS_STUP/LYWARO_ECOMMERCE/node_modules/.vite/deps/react-dom_client.js?v=151feeec:12424:43)\n    at renderRootSync (http://localhost:3002/@fs/home/prasanth/CYBERBOTS_STUP/LYWARO_ECOMMERCE/node_modules/.vite/deps/react-dom_client.js?v=151feeec:12408:13)\n    at performWorkOnRoot (http://localhost:3002/@fs/home/prasanth/CYBERBOTS_STUP/LYWARO_ECOMMERCE/node_modules/.vite/deps/react-dom_client.js?v=151feeec:11766:189)"}
[2026-08-26T09:02:42.058Z] {"timestamp":1787734958839,"level":"ERROR","args":["An empty string (\"\") was passed to the %s attribute. This may cause the browser to download the whole page again over the network. To fix this, either do not render the element at all or pass null to %s instead of an empty string.","src","src"],"stack":"Error\n    at console.<computed> [as error] (http://localhost:3002/__manus__/debug-collector.js:391:37)\n    at setProp (http://localhost:3002/@fs/home/prasanth/CYBERBOTS_STUP/LYWARO_ECOMMERCE/node_modules/.vite/deps/react-dom_client.js?v=151feeec:14205:39)\n    at setInitialProperties (http://localhost:3002/@fs/home/prasanth/CYBERBOTS_STUP/LYWARO_ECOMMERCE/node_modules/.vite/deps/react-dom_client.js?v=151feeec:14590:23)\n    at completeWork (http://localhost:3002/@fs/home/prasanth/CYBERBOTS_STUP/LYWARO_ECOMMERCE/node_modules/.vite/deps/react-dom_client.js?v=151feeec:9077:28)\n    at runWithFiberInDEV (http://localhost:3002/@fs/home/prasanth/CYBERBOTS_STUP/LYWARO_ECOMMERCE/node_modules/.vite/deps/react-dom_client.js?v=151feeec:997:72)\n    at completeUnitOfWork (http://localhost:3002/@fs/home/prasanth/CYBERBOTS_STUP/LYWARO_ECOMMERCE/node_modules/.vite/deps/react-dom_client.js?v=151feeec:12669:22)\n    at performUnitOfWork (http://localhost:3002/@fs/home/prasanth/CYBERBOTS_STUP/LYWARO_ECOMMERCE/node_modules/.vite/deps/react-dom_client.js?v=151feeec:12575:29)\n    at workLoopSync (http://localhost:3002/@fs/home/prasanth/CYBERBOTS_STUP/LYWARO_ECOMMERCE/node_modules/.vite/deps/react-dom_client.js?v=151feeec:12424:43)\n    at renderRootSync (http://localhost:3002/@fs/home/prasanth/CYBERBOTS_STUP/LYWARO_ECOMMERCE/node_modules/.vite/deps/react-dom_client.js?v=151feeec:12408:13)\n    at performWorkOnRoot (http://localhost:3002/@fs/home/prasanth/CYBERBOTS_STUP/LYWARO_ECOMMERCE/node_modules/.vite/deps/react-dom_client.js?v=151feeec:11766:189)"}
[2026-08-26T09:02:42.058Z] {"timestamp":1787734958863,"level":"ERROR","args":["An empty string (\"\") was passed to the %s attribute. This may cause the browser to download the whole page again over the network. To fix this, either do not render the element at all or pass null to %s instead of an empty string.","src","src"],"stack":"Error\n    at console.<computed> [as error] (http://localhost:3002/__manus__/debug-collector.js:391:37)\n    at setProp (http://localhost:3002/@fs/home/prasanth/CYBERBOTS_STUP/LYWARO_ECOMMERCE/node_modules/.vite/deps/react-dom_client.js?v=151feeec:14205:39)\n    at setInitialProperties (http://localhost:3002/@fs/home/prasanth/CYBERBOTS_STUP/LYWARO_ECOMMERCE/node_modules/.vite/deps/react-dom_client.js?v=151feeec:14590:23)\n    at completeWork (http://localhost:3002/@fs/home/prasanth/CYBERBOTS_STUP/LYWARO_ECOMMERCE/node_modules/.vite/deps/react-dom_client.js?v=151feeec:9077:28)\n    at runWithFiberInDEV (http://localhost:3002/@fs/home/prasanth/CYBERBOTS_STUP/LYWARO_ECOMMERCE/node_modules/.vite/deps/react-dom_client.js?v=151feeec:997:72)\n    at completeUnitOfWork (http://localhost:3002/@fs/home/prasanth/CYBERBOTS_STUP/LYWARO_ECOMMERCE/node_modules/.vite/deps/react-dom_client.js?v=151feeec:12669:22)\n    at performUnitOfWork (http://localhost:3002/@fs/home/prasanth/CYBERBOTS_STUP/LYWARO_ECOMMERCE/node_modules/.vite/deps/react-dom_client.js?v=151feeec:12575:29)\n    at workLoopSync (http://localhost:3002/@fs/home/prasanth/CYBERBOTS_STUP/LYWARO_ECOMMERCE/node_modules/.vite/deps/react-dom_client.js?v=151feeec:12424:43)\n    at renderRootSync (http://localhost:3002/@fs/home/prasanth/CYBERBOTS_STUP/LYWARO_ECOMMERCE/node_modules/.vite/deps/react-dom_client.js?v=151feeec:12408:13)\n    at performWorkOnRoot (http://localhost:3002/@fs/home/prasanth/CYBERBOTS_STUP/LYWARO_ECOMMERCE/node_modules/.vite/deps/react-dom_client.js?v=151feeec:11766:189)"}
[2026-08-26T09:08:20.731Z] {"timestamp":1787735299031,"level":"DEBUG","args":["[vite]","hot updated: /src/pages/AdminDashboard.tsx"],"stack":null}
[2026-08-26T09:08:20.731Z] {"timestamp":1787735299031,"level":"DEBUG","args":["[vite]","hot updated: /src/index.css"],"stack":null}
[2026-08-26T09:08:54.737Z] {"timestamp":1787735334393,"level":"DEBUG","args":["[vite]","hot updated: /src/index.css"],"stack":null}
[2026-08-26T09:08:54.737Z] {"timestamp":1787735334393,"level":"DEBUG","args":["[vite]","hot updated: /src/components/StoreChrome.tsx"],"stack":null}
[2026-08-26T09:10:23.054Z] {"timestamp":1787735421361,"level":"DEBUG","args":["[vite]","hot updated: /src/pages/Home.tsx"],"stack":null}
[2026-08-26T09:10:23.054Z] {"timestamp":1787735421362,"level":"DEBUG","args":["[vite]","hot updated: /src/index.css"],"stack":null}
[2026-08-26T09:11:26.094Z] {"timestamp":1787735448283,"level":"DEBUG","args":["[vite]","hot updated: /src/index.css"],"stack":null}
[2026-08-26T09:11:26.094Z] {"timestamp":1787735448283,"level":"DEBUG","args":["[vite]","hot updated: /src/components/ProductCard.tsx"],"stack":null}
[2026-08-26T09:14:25.054Z] {"timestamp":1787735664822,"level":"DEBUG","args":["[vite]","hot updated: /src/App.tsx"],"stack":null}
[2026-08-26T09:14:25.054Z] {"timestamp":1787735664822,"level":"DEBUG","args":["[vite]","hot updated: /src/index.css"],"stack":null}
[2026-08-26T09:14:29.126Z] {"timestamp":1787735666671,"level":"DEBUG","args":["[Manus] Debug collector initialized (no rrweb, UI events only)"],"stack":null}
[2026-08-26T09:14:29.127Z] {"timestamp":1787735666831,"level":"DEBUG","args":["[vite] connected."],"stack":null}
[2026-08-26T09:14:29.127Z] {"timestamp":1787735667290,"level":"INFO","args":["%cDownload the React DevTools for a better development experience: https://react.dev/link/react-devtools","font-weight:bold"],"stack":null}
